public class C {

    public boolean a() throws UserNotLoggedInException {
        return extracted();
    }

    boolean extracted() {
        return true;
    }
}