public class C {

    public List<String> a() throws UserNotLoggedInException {
        return extracted();
    }

    List<String> extracted() {
        return new ArrayList<>();
    }
}